<!doctype html public "-//w3c//dtd html 4.0 transitional//en">
<html><head>
<title>Static Call Graph - [.\Objects\Sort_and_Merge.axf]</title></head>
<body><HR>
<H1>Static Call Graph for image .\Objects\Sort_and_Merge.axf</H1><HR>
<BR><P>#&#060CALLGRAPH&#062# ARM Linker, 5060528: Last Updated: Thu Mar 22 14:43:38 2018
<BR><P>
<H3>Maximum Stack Usage =          0 bytes + Unknown(Functions without stacksize, Untraceable Function Pointers)</H3><H3>
Call chain for Maximum Stack Depth:</H3>

<P>
<H3>
Functions with no stack information
</H3><UL>
 <LI><a href="#[2]">Reset_Handler</a>
</UL>
</UL>
<P>
<H3>
Function Pointers
</H3><UL>
 <LI><a href="#[2]">Reset_Handler</a> from sort_and_merge.o(program) referenced from sort_and_merge.o(vectors)
 <LI><a href="#[3]">__main</a> from sort_and_merge.o(myCode) referenced from sort_and_merge.o(program)
</UL>
<P>
<H3>
Global Symbols
</H3>
<P><STRONG><a name="[3]"></a>__main</STRONG> (Thumb, 206 bytes, Stack size 0 bytes, sort_and_merge.o(myCode))

<P><STRONG><a name="[2]"></a>Reset_Handler</STRONG> (Thumb, 2 bytes, Stack size unknown bytes, sort_and_merge.o(program))
<P>
<H3>
Local Symbols
</H3><P>
<H3>
Undefined Global Symbols
</H3><HR></body></html>
