Component: ARM Compiler 5.06 update 5 (build 528) Tool: armlink [4d35e2]

==============================================================================

Section Cross References

    sort_and_merge.o(vectors) refers to sort_and_merge.o(program) for Reset_Handler
    sort_and_merge.o(program) refers to sort_and_merge.o(myCode) for __main
    sort_and_merge.o(myCode) refers to sort_and_merge.o(myData) for listA


==============================================================================

Image Symbol Table

    Local Symbols

    Symbol Name                              Value     Ov Type        Size  Object(Section)

    vectors                                  0x00000000   Section        8  sort_and_merge.o(vectors)
    Sort_and_Merge.s                         0x00000000   Number         0  sort_and_merge.o ABSOLUTE
    myCode                                   0x00000008   Section      232  sort_and_merge.o(myCode)
    program                                  0x000000f0   Section        8  sort_and_merge.o(program)
    myData                                   0x20000000   Section      144  sort_and_merge.o(myData)
    listA                                    0x20000000   Data          40  sort_and_merge.o(myData)
    listB                                    0x20000028   Data          32  sort_and_merge.o(myData)
    listC                                    0x20000048   Data          72  sort_and_merge.o(myData)

    Global Symbols

    Symbol Name                              Value     Ov Type        Size  Object(Section)

    BuildAttributes$$THM_ISAv4$E$P$D$K$B$S$7EM$PE$A:L22UL41UL21$X:L11$S22US41US21$IEEE1$IW$USESV6$~STKCKD$USESV7$~SHL$OSPACE$EBA8$STANDARDLIB$PRES8$EABIv2 0x00000000   Number         0  anon$$obj.o ABSOLUTE
    __Vectors                                0x00000000   Data           0  sort_and_merge.o(vectors)
    __main                                   0x00000009   Thumb Code   206  sort_and_merge.o(myCode)
    Load$$ER_RW$$Length                      0x00000090   Number         0  anon$$obj.o ABSOLUTE
    Reset_Handler                            0x000000f1   Thumb Code     2  sort_and_merge.o(program)
    Load$$ER_RW$$Base                        0x000000f8   Number         0  anon$$obj.o ABSOLUTE
    myData$$Base                             0x20000000   Number         0  sort_and_merge.o(myData)



==============================================================================

Memory Map of the image

  Image Entry point : 0x000000f1

  Load Region LR_1 (Base: 0x00000000, Size: 0x00000188, Max: 0xffffffff, ABSOLUTE)

    Execution Region ER_RO (Exec base: 0x00000000, Load base: 0x00000000, Size: 0x000000f8, Max: 0xffffffff, ABSOLUTE)

    Exec Addr    Load Addr    Size         Type   Attr      Idx    E Section Name        Object

    0x00000000   0x00000000   0x00000008   Code   RO            1    vectors             sort_and_merge.o
    0x00000008   0x00000008   0x000000e8   Code   RO            4  * myCode              sort_and_merge.o
    0x000000f0   0x000000f0   0x00000008   Code   RO            2  * program             sort_and_merge.o


    Execution Region ER_RW (Exec base: 0x20000000, Load base: 0x000000f8, Size: 0x00000090, Max: 0xffffffff, ABSOLUTE)

    Exec Addr    Load Addr    Size         Type   Attr      Idx    E Section Name        Object

    0x20000000   0x000000f8   0x00000090   Data   RW            3    myData              sort_and_merge.o


    Execution Region ER_ZI (Exec base: 0x20000090, Load base: 0x00000188, Size: 0x00000000, Max: 0xffffffff, ABSOLUTE)

    **** No section assigned to this execution region ****


==============================================================================

Image component sizes


      Code (inc. data)   RO Data    RW Data    ZI Data      Debug   Object Name

       248         38          0        144          0       1000   sort_and_merge.o

    ----------------------------------------------------------------------
       248         38          0        144          0       1000   Object Totals
         0          0          0          0          0          0   (incl. Generated)
         0          0          0          0          0          0   (incl. Padding)

    ----------------------------------------------------------------------
         0          0          0          0          0          0   Library Totals
         0          0          0          0          0          0   (incl. Padding)

    ----------------------------------------------------------------------

==============================================================================


      Code (inc. data)   RO Data    RW Data    ZI Data      Debug   

       248         38          0        144          0       1000   Grand Totals
       248         38          0        144          0       1000   ELF Image Totals
       248         38          0        144          0          0   ROM Totals

==============================================================================

    Total RO  Size (Code + RO Data)                  248 (   0.24kB)
    Total RW  Size (RW Data + ZI Data)               144 (   0.14kB)
    Total ROM Size (Code + RO Data + RW Data)        392 (   0.38kB)

==============================================================================

